/******** QUERY *********/
SELECT USER, CURRENT_USER, SESSION_USER, CURRENT_ROLE, CURRENT_SCHEMA, CURRENT_DATE, CURRENT_TIME, CURRENT_TIMESTAMP
/************************/

   user   | current_user | session_user | current_role | current_schema | current_date |     current_time      |        current_timestamp         
----------+--------------+--------------+--------------+----------------+--------------+-----------------------+----------------------------------
 postgres | postgres     | postgres     | postgres     | public         | 2025-11-06   | 11:27:14.180435+05:30 | 2025-11-06 11:27:14.180435+05:30
(1 row)

/******** QUERY *********/
SELECT USER, CURRENT_USER, SESSION_USER, CURRENT_ROLE, CURRENT_SCHEMA, CURRENT_DATE, CURRENT_TIME, CURRENT_TIMESTAMP
/************************/

      Column       |           Type           
-------------------+--------------------------
 user              | name
 current_user      | name
 session_user      | name
 current_role      | name
 current_schema    | name
 current_date      | date
 current_time      | time with time zone
 current_timestamp | timestamp with time zone
(8 rows)

/******** QUERY *********/
SELECT USER, CURRENT_USER, SESSION_USER, CURRENT_ROLE, CURRENT_SCHEMA, CURRENT_DATE, CURRENT_TIME, CURRENT_TIMESTAMP
/************************/

   user   | current_user | session_user | current_role | current_schema | current_date |     current_time      |        current_timestamp         
----------+--------------+--------------+--------------+----------------+--------------+-----------------------+----------------------------------
 postgres | postgres     | postgres     | postgres     | public         | 2025-11-06   | 11:27:45.389745+05:30 | 2025-11-06 11:27:45.389745+05:30
(1 row)

/******** QUERY *********/
SHOW log_connections
/************************/

     Column      | Type 
-----------------+------
 log_connections | text
(1 row)

/******** QUERY *********/
SHOW log_connections
/************************/

 log_connections 
-----------------
 
(1 row)

/******** QUERY *********/
SET SESSION log_connections TO true
/************************/

/******** QUERY *********/
SET SESSION log_connections TO true
/************************/

